
> ejc@0.0.0 build C:\Users\adelmo\Desktop\personal\sistema-ejc
> tsc -b && vite build

src/components/inscricao/InscricaoForm.tsx(22,57): error TS2345: Argument of type '{ pessoa_id: string; encontro_id: string; participante: boolean; equipe_id: string | null; coordenador: boolean; dados_confirmados: boolean; confirmado_em: string | null; }' is not assignable to parameter of type 'InscricaoFormData | (() => InscricaoFormData)'.
  Property 'pago_taxa' is missing in type '{ pessoa_id: string; encontro_id: string; participante: boolean; equipe_id: string | null; coordenador: boolean; dados_confirmados: boolean; confirmado_em: string | null; }' but required in type 'InscricaoFormData'.
src/components/pessoa/HistoricoModal.tsx(25,38): error TS2339: Property 'ativo' does not exist on type '{}'.
src/components/pessoa/HistoricoModal.tsx(25,61): error TS2339: Property 'ativo' does not exist on type '{}'.
src/components/pessoa/HistoricoModal.tsx(26,39): error TS2339: Property 'ativo' does not exist on type '{}'.
src/components/pessoa/HistoricoModal.tsx(26,61): error TS2339: Property 'ativo' does not exist on type '{}'.
src/contexts/AuthContext.tsx(87,75): error TS2345: Argument of type '{}' is not assignable to parameter of type 'string'.
src/contexts/AuthContext.tsx(88,58): error TS2345: Argument of type '{}' is not assignable to parameter of type 'string'.
src/pages/admin/ImportarDadosPage.tsx(365,19): error TS2741: Property 'pago_taxa' is missing in type '{ pessoa_id: string; encontro_id: string; equipe_id: string; coordenador: boolean; participante: false; dados_confirmados: false; confirmado_em: null; }' but required in type 'InscricaoFormData'.
src/pages/cadastros/MontagemPage.tsx(189,48): error TS2345: Argument of type '{ encontro_id: string; equipe_id: string; pessoa_id: string; coordenador: boolean; participante: boolean; dados_confirmados: boolean; confirmado_em: null; }[]' is not assignable to parameter of type 'InscricaoFormData[]'.
  Property 'pago_taxa' is missing in type '{ encontro_id: string; equipe_id: string; pessoa_id: string; coordenador: boolean; participante: boolean; dados_confirmados: boolean; confirmado_em: null; }' but required in type 'InscricaoFormData'.
src/pages/InscricaoPage.tsx(61,36): error TS2345: Argument of type '{ pessoa_id: string; encontro_id: string; participante: true; equipe_id: null; coordenador: false; dados_confirmados: false; confirmado_em: null; }' is not assignable to parameter of type 'InscricaoFormData'.
  Property 'pago_taxa' is missing in type '{ pessoa_id: string; encontro_id: string; participante: true; equipe_id: null; coordenador: false; dados_confirmados: false; confirmado_em: null; }' but required in type 'InscricaoFormData'.
src/types/inscricao.ts(29,65): error TS2741: Property 'pago_taxa' is missing in type '{ pessoa_id: string; encontro_id: string; participante: false; equipe_id: null; coordenador: false; dados_confirmados: false; confirmado_em: null; }' but required in type 'InscricaoFormData'.
ÔÇëELIFECYCLEÔÇë Command failed with exit code 2.
